Using pre-set license
Built from '2022.3/staging' branch; Version is '2022.3.62f1 (4af31df58517) revision 4911901'; Using compiler version '192829333'; Build Type 'Release'
OS: 'Windows 11  (10.0.22631) 64bit Core' Language: 'ko' Physical Memory: 15964 MB
BatchMode: 1, IsHumanControllingUs: 0, StartBugReporterOnCrash: 0, Is64bit: 1, IsPro: 1

COMMAND LINE ARGUMENTS:
C:\Program Files\Unity\Hub\Editor\2022.3.62f1\Editor\Unity.exe
-adb2
-batchMode
-noUpm
-name
AssetImportWorker4
-projectPath
C:/Users/alstj/Documents/GitHub/Runandgunandwarriors
-logFile
Logs/AssetImportWorker4.log
-srvPort
64259
Successfully changed project path to: C:/Users/alstj/Documents/GitHub/Runandgunandwarriors
C:/Users/alstj/Documents/GitHub/Runandgunandwarriors
[UnityMemory] Configuration Parameters - Can be set up in boot.config
    "memorysetup-bucket-allocator-granularity=16"
    "memorysetup-bucket-allocator-bucket-count=8"
    "memorysetup-bucket-allocator-block-size=33554432"
    "memorysetup-bucket-allocator-block-count=8"
    "memorysetup-main-allocator-block-size=16777216"
    "memorysetup-thread-allocator-block-size=16777216"
    "memorysetup-gfx-main-allocator-block-size=16777216"
    "memorysetup-gfx-thread-allocator-block-size=16777216"
    "memorysetup-cache-allocator-block-size=4194304"
    "memorysetup-typetree-allocator-block-size=2097152"
    "memorysetup-profiler-bucket-allocator-granularity=16"
    "memorysetup-profiler-bucket-allocator-bucket-count=8"
    "memorysetup-profiler-bucket-allocator-block-size=33554432"
    "memorysetup-profiler-bucket-allocator-block-count=8"
    "memorysetup-profiler-allocator-block-size=16777216"
    "memorysetup-profiler-editor-allocator-block-size=1048576"
    "memorysetup-temp-allocator-size-main=16777216"
    "memorysetup-job-temp-allocator-block-size=2097152"
    "memorysetup-job-temp-allocator-block-size-background=1048576"
    "memorysetup-job-temp-allocator-reduction-small-platforms=262144"
    "memorysetup-allocator-temp-initial-block-size-main=262144"
    "memorysetup-allocator-temp-initial-block-size-worker=262144"
    "memorysetup-temp-allocator-size-background-worker=32768"
    "memorysetup-temp-allocator-size-job-worker=262144"
    "memorysetup-temp-allocator-size-preload-manager=33554432"
    "memorysetup-temp-allocator-size-nav-mesh-worker=65536"
    "memorysetup-temp-allocator-size-audio-worker=65536"
    "memorysetup-temp-allocator-size-cloud-worker=32768"
    "memorysetup-temp-allocator-size-gi-baking-worker=262144"
    "memorysetup-temp-allocator-size-gfx=262144"
Player connection [187684]  Target information:

Player connection [187684]  * "[IP] 192.168.184.25 [Port] 0 [Flags] 2 [Guid] 3606204953 [EditorId] 3606204953 [Version] 1048832 [Id] WindowsEditor(7,BOOK-4E0GL1K2PA) [Debug] 1 [PackageName] WindowsEditor [ProjectName] Editor" 

Player connection [187684] Host joined multi-casting on [225.0.0.222:54997]...
Player connection [187684] Host joined alternative multi-casting on [225.0.0.222:34997]...
Input System module state changed to: Initialized.
[PhysX] Initialized MultithreadedTaskDispatcher with 18 workers.
Refreshing native plugins compatible for Editor in 14.51 ms, found 3 plugins.
Preloading 0 native plugins for Editor in 0.00 ms.
Initialize engine version: 2022.3.62f1 (4af31df58517)
[Subsystems] Discovering subsystems at path C:/Program Files/Unity/Hub/Editor/2022.3.62f1/Editor/Data/Resources/UnitySubsystems
[Subsystems] Discovering subsystems at path C:/Users/alstj/Documents/GitHub/Runandgunandwarriors/Assets
GfxDevice: creating device client; threaded=0; jobified=0
Direct3D:
    Version:  Direct3D 11.0 [level 11.1]
    Renderer: Intel(R) Arc(TM) Graphics (ID=0x7d55)
    Vendor:   Intel
    VRAM:     7982 MB
    Driver:   31.0.101.5333
Initialize mono
Mono path[0] = 'C:/Program Files/Unity/Hub/Editor/2022.3.62f1/Editor/Data/Managed'
Mono path[1] = 'C:/Program Files/Unity/Hub/Editor/2022.3.62f1/Editor/Data/MonoBleedingEdge/lib/mono/unityjit-win32'
Mono config path = 'C:/Program Files/Unity/Hub/Editor/2022.3.62f1/Editor/Data/MonoBleedingEdge/etc'
Using monoOptions --debugger-agent=transport=dt_socket,embedding=1,server=y,suspend=n,address=127.0.0.1:56704
Begin MonoManager ReloadAssembly
Registering precompiled unity dll's ...
Register platform support module: C:/Program Files/Unity/Hub/Editor/2022.3.62f1/Editor/Data/PlaybackEngines/WindowsStandaloneSupport/UnityEditor.WindowsStandalone.Extensions.dll
Registered in 0.010789 seconds.
- Loaded All Assemblies, in  0.410 seconds
Native extension for WindowsStandalone target not found
Mono: successfully reloaded assembly
- Finished resetting the current domain, in  0.298 seconds
Domain Reload Profiling: 703ms
	BeginReloadAssembly (109ms)
		ExecutionOrderSort (0ms)
		DisableScriptedObjects (0ms)
		BackupInstance (0ms)
		ReleaseScriptingObjects (0ms)
		CreateAndSetChildDomain (1ms)
	RebuildCommonClasses (28ms)
	RebuildNativeTypeToScriptingClass (11ms)
	initialDomainReloadingComplete (81ms)
	LoadAllAssembliesAndSetupDomain (177ms)
		LoadAssemblies (107ms)
		RebuildTransferFunctionScriptingTraits (0ms)
		AnalyzeDomain (173ms)
			TypeCache.Refresh (172ms)
				TypeCache.ScanAssembly (155ms)
			ScanForSourceGeneratedMonoScriptInfo (0ms)
			ResolveRequiredComponents (1ms)
	FinalizeReload (298ms)
		ReleaseScriptCaches (0ms)
		RebuildScriptCaches (0ms)
		SetupLoadedEditorAssemblies (245ms)
			LogAssemblyErrors (0ms)
			InitializePlatformSupportModulesInManaged (12ms)
			SetLoadedEditorAssemblies (8ms)
			RefreshPlugins (0ms)
			BeforeProcessingInitializeOnLoad (2ms)
			ProcessInitializeOnLoadAttributes (166ms)
			ProcessInitializeOnLoadMethodAttributes (56ms)
			AfterProcessingInitializeOnLoad (0ms)
			EditorAssembliesLoaded (0ms)
		ExecutionOrderSort2 (0ms)
		AwakeInstancesAfterBackupRestoration (0ms)
========================================================================
Worker process is ready to serve import requests
Caller must complete domain reload
Begin MonoManager ReloadAssembly
- Loaded All Assemblies, in  1.065 seconds
Native extension for WindowsStandalone target not found
Mono: successfully reloaded assembly
- Finished resetting the current domain, in  0.614 seconds
Domain Reload Profiling: 1669ms
	BeginReloadAssembly (243ms)
		ExecutionOrderSort (0ms)
		DisableScriptedObjects (7ms)
		BackupInstance (0ms)
		ReleaseScriptingObjects (0ms)
		CreateAndSetChildDomain (38ms)
	RebuildCommonClasses (36ms)
	RebuildNativeTypeToScriptingClass (7ms)
	initialDomainReloadingComplete (52ms)
	LoadAllAssembliesAndSetupDomain (716ms)
		LoadAssemblies (605ms)
		RebuildTransferFunctionScriptingTraits (0ms)
		AnalyzeDomain (259ms)
			TypeCache.Refresh (233ms)
				TypeCache.ScanAssembly (215ms)
			ScanForSourceGeneratedMonoScriptInfo (19ms)
			ResolveRequiredComponents (6ms)
	FinalizeReload (615ms)
		ReleaseScriptCaches (0ms)
		RebuildScriptCaches (0ms)
		SetupLoadedEditorAssemblies (439ms)
			LogAssemblyErrors (0ms)
			InitializePlatformSupportModulesInManaged (9ms)
			SetLoadedEditorAssemblies (6ms)
			RefreshPlugins (0ms)
			BeforeProcessingInitializeOnLoad (76ms)
			ProcessInitializeOnLoadAttributes (300ms)
			ProcessInitializeOnLoadMethodAttributes (29ms)
			AfterProcessingInitializeOnLoad (19ms)
			EditorAssembliesLoaded (0ms)
		ExecutionOrderSort2 (0ms)
		AwakeInstancesAfterBackupRestoration (9ms)
Launched and connected shader compiler UnityShaderCompiler.exe after 0.13 seconds
Refreshing native plugins compatible for Editor in 9.96 ms, found 3 plugins.
Preloading 0 native plugins for Editor in 0.00 ms.
Unloading 3136 Unused Serialized files (Serialized files now loaded: 0)
Unloading 18 unused Assets / (27.2 KB). Loaded Objects now: 3622.
Memory consumption went from 130.1 MB to 130.1 MB.
Total: 7.779200 ms (FindLiveObjects: 1.263200 ms CreateObjectMapping: 0.116100 ms MarkObjects: 6.299200 ms  DeleteObjects: 0.098800 ms)

AssetImportParameters requested are different than current active one (requested -> active):
  custom:container-demuxer-ogg: 62fdf1f143b41e24485cea50d1cbac27 -> 
  custom:video-codec-MediaFoundation-h265: 746d11721c4dcdbdad8f713fa42b33f4 -> 
  custom:video-decoder-ogg-theora: a1e56fd34408186e4bbccfd4996cb3dc -> 
  custom:framework-win-MediaFoundation: 216162199b28c13a410421893ffa2e32 -> 
  custom:CustomObjectIndexerAttribute: 9a22284fe3817be447336de3de66b15e -> 
  custom:container-demuxer-webm: 4f35f7cbe854078d1ac9338744f61a02 -> 
  custom:container-muxer-webm: aa71ff27fc2769a1b78a27578f13a17b -> 
  custom:video-decoder-webm-vp8: 9c59270c3fd7afecdb556c50c9e8de78 -> 
  custom:SearchIndexIgnoredProperties: e643bd26f0fe6173181afceb89e7c659 -> 
  custom:AudioImporter_EditorPlatform: d09bf68614088b80899f8185d706f6e7 -> 
  custom:video-encoder-webm-vp8: eb34c28f22e8b96e1ab97ce403110664 -> 
  custom:audio-decoder-ogg-vorbis: bf7c407c2cedff20999df2af8eb42d56 -> 
  custom:audio-encoder-webm-vorbis: bf7c407c2cedff20999df2af8eb42d56 -> 
========================================================================
Received Import Request.
  Time since last request: 2617949.366539 seconds.
  path: Assets/KajamansRoads/Textures/GrassGreenTexture512x512.png
  artifactKey: Guid(d993ba769cd22a143bb9a9c8ad1a9bbe) Importer(815301076,1909f56bfc062723c751e8b465ee728b)
Start importing Assets/KajamansRoads/Textures/GrassGreenTexture512x512.png using Guid(d993ba769cd22a143bb9a9c8ad1a9bbe) Importer(815301076,1909f56bfc062723c751e8b465ee728b) [PhysX] Initialized MultithreadedTaskDispatcher with 18 workers.
[PhysX] Initialized MultithreadedTaskDispatcher with 18 workers.
 -> (artifact id: 'ea76f45e11c8ad9214e51ae464c42bfb') in 0.110101 seconds
Number of updated asset objects reloaded before import = 0
Number of asset objects unloaded after import = 2
========================================================================
Received Import Request.
  Time since last request: 0.000058 seconds.
  path: Assets/KajamansRoads/Free/Prefabs/l10km_cc4_sl69_t(1212029)_rw12_wh15_n1_RsBtW_MeshV00.prefab
  artifactKey: Guid(52005168084e10d4998228ecb47015ee) Importer(815301076,1909f56bfc062723c751e8b465ee728b)
Start importing Assets/KajamansRoads/Free/Prefabs/l10km_cc4_sl69_t(1212029)_rw12_wh15_n1_RsBtW_MeshV00.prefab using Guid(52005168084e10d4998228ecb47015ee) Importer(815301076,1909f56bfc062723c751e8b465ee728b) [PhysX] Initialized MultithreadedTaskDispatcher with 18 workers.
[PhysX] Initialized MultithreadedTaskDispatcher with 18 workers.
 -> (artifact id: 'a6cb2879e79ce3432efa788923ede83c') in 0.435302 seconds
Number of updated asset objects reloaded before import = 0
Number of asset objects unloaded after import = 16
========================================================================
Received Import Request.
  Time since last request: 0.000044 seconds.
  path: Assets/KajamansRoads/Free
  artifactKey: Guid(d87f82d568bd0c046b56315a8719cc5d) Importer(815301076,1909f56bfc062723c751e8b465ee728b)
Start importing Assets/KajamansRoads/Free using Guid(d87f82d568bd0c046b56315a8719cc5d) Importer(815301076,1909f56bfc062723c751e8b465ee728b) [PhysX] Initialized MultithreadedTaskDispatcher with 18 workers.
 -> (artifact id: '1ae8570bc101244bfda82ee52dea8607') in 0.000812 seconds
Number of updated asset objects reloaded before import = 0
Number of asset objects unloaded after import = 0
========================================================================
Received Import Request.
  Time since last request: 0.000074 seconds.
  path: Assets/KajamansRoads/Materials/GrassMob.mat
  artifactKey: Guid(8416ef8d926448d478f2d1436d6c6838) Importer(815301076,1909f56bfc062723c751e8b465ee728b)
Start importing Assets/KajamansRoads/Materials/GrassMob.mat using Guid(8416ef8d926448d478f2d1436d6c6838) Importer(815301076,1909f56bfc062723c751e8b465ee728b) [PhysX] Initialized MultithreadedTaskDispatcher with 18 workers.
[PhysX] Initialized MultithreadedTaskDispatcher with 18 workers.
 -> (artifact id: '444c094aaad667c12b7b176757c3bce0') in 0.143880 seconds
Number of updated asset objects reloaded before import = 0
Number of asset objects unloaded after import = 2
========================================================================
Received Import Request.
  Time since last request: 0.000027 seconds.
  path: Assets/KajamansRoads/Textures/Road_4lane_dark02.png
  artifactKey: Guid(26e5d3be41c3ec8488906cfe5a2327ab) Importer(815301076,1909f56bfc062723c751e8b465ee728b)
Start importing Assets/KajamansRoads/Textures/Road_4lane_dark02.png using Guid(26e5d3be41c3ec8488906cfe5a2327ab) Importer(815301076,1909f56bfc062723c751e8b465ee728b) [PhysX] Initialized MultithreadedTaskDispatcher with 18 workers.
[PhysX] Initialized MultithreadedTaskDispatcher with 18 workers.
 -> (artifact id: 'adf15debbd4efb7798bb76c08606faaa') in 0.092746 seconds
Number of updated asset objects reloaded before import = 0
Number of asset objects unloaded after import = 2
========================================================================
Received Import Request.
  Time since last request: 0.000099 seconds.
  path: Assets/KajamansRoads/Free/Prefabs/l10km_cc4_sl69_t(1212029)_rw12_wh15_n1_RsBtW_MeshV00_m.prefab
  artifactKey: Guid(6becd15d7262243478b14c339313ad72) Importer(815301076,1909f56bfc062723c751e8b465ee728b)
Start importing Assets/KajamansRoads/Free/Prefabs/l10km_cc4_sl69_t(1212029)_rw12_wh15_n1_RsBtW_MeshV00_m.prefab using Guid(6becd15d7262243478b14c339313ad72) Importer(815301076,1909f56bfc062723c751e8b465ee728b) [PhysX] Initialized MultithreadedTaskDispatcher with 18 workers.
[PhysX] Initialized MultithreadedTaskDispatcher with 18 workers.
 -> (artifact id: '70be8e2f61916ee743d1477538eb7628') in 0.096209 seconds
Number of updated asset objects reloaded before import = 0
Number of asset objects unloaded after import = 16
========================================================================
Received Import Request.
  Time since last request: 0.000322 seconds.
  path: Assets/KajamansRoads/Materials/GrassMat.mat
  artifactKey: Guid(2e831c083c6337f41b2339e23fbaed5e) Importer(815301076,1909f56bfc062723c751e8b465ee728b)
Start importing Assets/KajamansRoads/Materials/GrassMat.mat using Guid(2e831c083c6337f41b2339e23fbaed5e) Importer(815301076,1909f56bfc062723c751e8b465ee728b) [PhysX] Initialized MultithreadedTaskDispatcher with 18 workers.
[PhysX] Initialized MultithreadedTaskDispatcher with 18 workers.
 -> (artifact id: '2805a84b8956f4759b9f7104a77fa9f0') in 0.031414 seconds
Number of updated asset objects reloaded before import = 0
Number of asset objects unloaded after import = 2
========================================================================
Received Import Request.
  Time since last request: 0.000032 seconds.
  path: Assets/KajamansRoads/Materials/CornMob.mat
  artifactKey: Guid(722fc5104832c4544b183a83e470029e) Importer(815301076,1909f56bfc062723c751e8b465ee728b)
Start importing Assets/KajamansRoads/Materials/CornMob.mat using Guid(722fc5104832c4544b183a83e470029e) Importer(815301076,1909f56bfc062723c751e8b465ee728b) [PhysX] Initialized MultithreadedTaskDispatcher with 18 workers.
[PhysX] Initialized MultithreadedTaskDispatcher with 18 workers.
 -> (artifact id: 'd1398b323199f93e8f8e831d721b7ca3') in 0.051516 seconds
Number of updated asset objects reloaded before import = 0
Number of asset objects unloaded after import = 2
========================================================================
Received Import Request.
  Time since last request: 0.000040 seconds.
  path: Assets/KajamansRoads/Materials/4RoadMat.mat
  artifactKey: Guid(a56ecb4b0075cf0438f4253f983e3286) Importer(815301076,1909f56bfc062723c751e8b465ee728b)
Start importing Assets/KajamansRoads/Materials/4RoadMat.mat using Guid(a56ecb4b0075cf0438f4253f983e3286) Importer(815301076,1909f56bfc062723c751e8b465ee728b) [PhysX] Initialized MultithreadedTaskDispatcher with 18 workers.
[PhysX] Initialized MultithreadedTaskDispatcher with 18 workers.
 -> (artifact id: '09aab701cedc4d50f68300e067441e03') in 0.132611 seconds
Number of updated asset objects reloaded before import = 0
Number of asset objects unloaded after import = 3
========================================================================
Received Import Request.
  Time since last request: 0.000023 seconds.
  path: Assets/KajamansRoads/Materials/CornMat.mat
  artifactKey: Guid(b075f69b3512eb747b85a1f49a275b6e) Importer(815301076,1909f56bfc062723c751e8b465ee728b)
Start importing Assets/KajamansRoads/Materials/CornMat.mat using Guid(b075f69b3512eb747b85a1f49a275b6e) Importer(815301076,1909f56bfc062723c751e8b465ee728b) [PhysX] Initialized MultithreadedTaskDispatcher with 18 workers.
[PhysX] Initialized MultithreadedTaskDispatcher with 18 workers.
 -> (artifact id: '0f9618b052c20778b608fb719c7d865f') in 0.111163 seconds
Number of updated asset objects reloaded before import = 0
Number of asset objects unloaded after import = 2
========================================================================
Received Import Request.
  Time since last request: 0.000042 seconds.
  path: Assets/KajamansRoads/Textures/Guardrails01.png
  artifactKey: Guid(d0c8825c4e57ebc42ab4f1f4acaf14ed) Importer(815301076,1909f56bfc062723c751e8b465ee728b)
Start importing Assets/KajamansRoads/Textures/Guardrails01.png using Guid(d0c8825c4e57ebc42ab4f1f4acaf14ed) Importer(815301076,1909f56bfc062723c751e8b465ee728b) [PhysX] Initialized MultithreadedTaskDispatcher with 18 workers.
[PhysX] Initialized MultithreadedTaskDispatcher with 18 workers.
 -> (artifact id: 'b3389f08362333211e4264803e96a0d8') in 0.095613 seconds
Number of updated asset objects reloaded before import = 0
Number of asset objects unloaded after import = 2
========================================================================
Received Import Request.
  Time since last request: 0.000022 seconds.
  path: Assets/KajamansRoads/Textures/DemoName01.png
  artifactKey: Guid(e752658a8b96fdd4dadb427ac9d6a390) Importer(815301076,1909f56bfc062723c751e8b465ee728b)
Start importing Assets/KajamansRoads/Textures/DemoName01.png using Guid(e752658a8b96fdd4dadb427ac9d6a390) Importer(815301076,1909f56bfc062723c751e8b465ee728b) [PhysX] Initialized MultithreadedTaskDispatcher with 18 workers.
[PhysX] Initialized MultithreadedTaskDispatcher with 18 workers.
 -> (artifact id: 'aa38959dfa522297fff0e672a3a43380') in 0.240615 seconds
Number of updated asset objects reloaded before import = 0
Number of asset objects unloaded after import = 3
========================================================================
Received Import Request.
  Time since last request: 367.890137 seconds.
  path: Assets/Zombie
  artifactKey: Guid(0f62ab3d42a4ca241988cb60cb265555) Importer(815301076,1909f56bfc062723c751e8b465ee728b)
Start importing Assets/Zombie using Guid(0f62ab3d42a4ca241988cb60cb265555) Importer(815301076,1909f56bfc062723c751e8b465ee728b) [PhysX] Initialized MultithreadedTaskDispatcher with 18 workers.
 -> (artifact id: '9535543310aa73e5d81601579c4c292b') in 0.002323 seconds
Number of updated asset objects reloaded before import = 0
Number of asset objects unloaded after import = 0
========================================================================
Received Import Request.
  Time since last request: 7.852774 seconds.
  path: Assets/Zombie/Built-In
  artifactKey: Guid(00cd98d7cb67d7d4f94105e18ce9c674) Importer(815301076,1909f56bfc062723c751e8b465ee728b)
Start importing Assets/Zombie/Built-In using Guid(00cd98d7cb67d7d4f94105e18ce9c674) Importer(815301076,1909f56bfc062723c751e8b465ee728b) [PhysX] Initialized MultithreadedTaskDispatcher with 18 workers.
 -> (artifact id: 'f9e7c78959d230d14a879c7e57117191') in 0.000873 seconds
Number of updated asset objects reloaded before import = 0
Number of asset objects unloaded after import = 0
========================================================================
Received Import Request.
  Time since last request: 1.608535 seconds.
  path: Assets/Zombie/Built-In/Prefabs
  artifactKey: Guid(517475e89ad41cf49b420fef0165d194) Importer(815301076,1909f56bfc062723c751e8b465ee728b)
Start importing Assets/Zombie/Built-In/Prefabs using Guid(517475e89ad41cf49b420fef0165d194) Importer(815301076,1909f56bfc062723c751e8b465ee728b) [PhysX] Initialized MultithreadedTaskDispatcher with 18 workers.
 -> (artifact id: '2aa82bfa8b120853c3efdf468a1519b8') in 0.001333 seconds
Number of updated asset objects reloaded before import = 0
Number of asset objects unloaded after import = 0
========================================================================
Received Import Request.
  Time since last request: 0.076247 seconds.
  path: Assets/Zombie/Built-In/Prefabs/ZombieMesh.prefab
  artifactKey: Guid(0574cde1936ed0b47a27469ede9bf072) Importer(815301076,1909f56bfc062723c751e8b465ee728b)
Start importing Assets/Zombie/Built-In/Prefabs/ZombieMesh.prefab using Guid(0574cde1936ed0b47a27469ede9bf072) Importer(815301076,1909f56bfc062723c751e8b465ee728b) [PhysX] Initialized MultithreadedTaskDispatcher with 18 workers.
[PhysX] Initialized MultithreadedTaskDispatcher with 18 workers.
 -> (artifact id: 'ece84e1a459ed6fa0cd3e9ef44964d4d') in 0.435530 seconds
Number of updated asset objects reloaded before import = 0
Number of asset objects unloaded after import = 436
========================================================================
Received Import Request.
  Time since last request: 53.331193 seconds.
  path: Assets/Skyden_Games/Low Poly Environment
  artifactKey: Guid(9bbc7675808557b448181ec21015b809) Importer(815301076,1909f56bfc062723c751e8b465ee728b)
Start importing Assets/Skyden_Games/Low Poly Environment using Guid(9bbc7675808557b448181ec21015b809) Importer(815301076,1909f56bfc062723c751e8b465ee728b) [PhysX] Initialized MultithreadedTaskDispatcher with 18 workers.
 -> (artifact id: 'cd2211538b20d28cc7e2a4990b3f799b') in 0.000773 seconds
Number of updated asset objects reloaded before import = 0
Number of asset objects unloaded after import = 0
========================================================================
Received Import Request.
  Time since last request: 0.584331 seconds.
  path: Assets/Skyden_Games/Low Poly Environment/Low Poly Environment.fbx
  artifactKey: Guid(593d4f7dc5f444843b2b02f101b56b8c) Importer(815301076,1909f56bfc062723c751e8b465ee728b)
Start importing Assets/Skyden_Games/Low Poly Environment/Low Poly Environment.fbx using Guid(593d4f7dc5f444843b2b02f101b56b8c) Importer(815301076,1909f56bfc062723c751e8b465ee728b) [PhysX] Initialized MultithreadedTaskDispatcher with 18 workers.
[PhysX] Initialized MultithreadedTaskDispatcher with 18 workers.
[PhysX] Initialized MultithreadedTaskDispatcher with 18 workers.
[PhysX] Initialized MultithreadedTaskDispatcher with 18 workers.
[PhysX] Initialized MultithreadedTaskDispatcher with 18 workers.
[PhysX] Initialized MultithreadedTaskDispatcher with 18 workers.
[PhysX] Initialized MultithreadedTaskDispatcher with 18 workers.
[PhysX] Initialized MultithreadedTaskDispatcher with 18 workers.
[PhysX] Initialized MultithreadedTaskDispatcher with 18 workers.
[PhysX] Initialized MultithreadedTaskDispatcher with 18 workers.
[PhysX] Initialized MultithreadedTaskDispatcher with 18 workers.
[PhysX] Initialized MultithreadedTaskDispatcher with 18 workers.
[PhysX] Initialized MultithreadedTaskDispatcher with 18 workers.
[PhysX] Initialized MultithreadedTaskDispatcher with 18 workers.
[PhysX] Initialized MultithreadedTaskDispatcher with 18 workers.
[PhysX] Initialized MultithreadedTaskDispatcher with 18 workers.
[PhysX] Initialized MultithreadedTaskDispatcher with 18 workers.
[PhysX] Initialized MultithreadedTaskDispatcher with 18 workers.
[PhysX] Initialized MultithreadedTaskDispatcher with 18 workers.
[PhysX] Initialized MultithreadedTaskDispatcher with 18 workers.
[PhysX] Initialized MultithreadedTaskDispatcher with 18 workers.
[PhysX] Initialized MultithreadedTaskDispatcher with 18 workers.
[PhysX] Initialized MultithreadedTaskDispatcher with 18 workers.
[PhysX] Initialized MultithreadedTaskDispatcher with 18 workers.
[PhysX] Initialized MultithreadedTaskDispatcher with 18 workers.
[PhysX] Initialized MultithreadedTaskDispatcher with 18 workers.
[PhysX] Initialized MultithreadedTaskDispatcher with 18 workers.
[PhysX] Initialized MultithreadedTaskDispatcher with 18 workers.
[PhysX] Initialized MultithreadedTaskDispatcher with 18 workers.
[PhysX] Initialized MultithreadedTaskDispatcher with 18 workers.
[PhysX] Initialized MultithreadedTaskDispatcher with 18 workers.
[PhysX] Initialized MultithreadedTaskDispatcher with 18 workers.
[PhysX] Initialized MultithreadedTaskDispatcher with 18 workers.
[PhysX] Initialized MultithreadedTaskDispatcher with 18 workers.
[PhysX] Initialized MultithreadedTaskDispatcher with 18 workers.
[PhysX] Initialized MultithreadedTaskDispatcher with 18 workers.
[PhysX] Initialized MultithreadedTaskDispatcher with 18 workers.
[PhysX] Initialized MultithreadedTaskDispatcher with 18 workers.
[PhysX] Initialized MultithreadedTaskDispatcher with 18 workers.
[PhysX] Initialized MultithreadedTaskDispatcher with 18 workers.
[PhysX] Initialized MultithreadedTaskDispatcher with 18 workers.
[PhysX] Initialized MultithreadedTaskDispatcher with 18 workers.
[PhysX] Initialized MultithreadedTaskDispatcher with 18 workers.
[PhysX] Initialized MultithreadedTaskDispatcher with 18 workers.
[PhysX] Initialized MultithreadedTaskDispatcher with 18 workers.
[PhysX] Initialized MultithreadedTaskDispatcher with 18 workers.
[PhysX] Initialized MultithreadedTaskDispatcher with 18 workers.
[PhysX] Initialized MultithreadedTaskDispatcher with 18 workers.
[PhysX] Initialized MultithreadedTaskDispatcher with 18 workers.
[PhysX] Initialized MultithreadedTaskDispatcher with 18 workers.
[PhysX] Initialized MultithreadedTaskDispatcher with 18 workers.
[PhysX] Initialized MultithreadedTaskDispatcher with 18 workers.
[PhysX] Initialized MultithreadedTaskDispatcher with 18 workers.
[PhysX] Initialized MultithreadedTaskDispatcher with 18 workers.
[PhysX] Initialized MultithreadedTaskDispatcher with 18 workers.
[PhysX] Initialized MultithreadedTaskDispatcher with 18 workers.
[PhysX] Initialized MultithreadedTaskDispatcher with 18 workers.
[PhysX] Initialized MultithreadedTaskDispatcher with 18 workers.
[PhysX] Initialized MultithreadedTaskDispatcher with 18 workers.
[PhysX] Initialized MultithreadedTaskDispatcher with 18 workers.
[PhysX] Initialized MultithreadedTaskDispatcher with 18 workers.
[PhysX] Initialized MultithreadedTaskDispatcher with 18 workers.
[PhysX] Initialized MultithreadedTaskDispatcher with 18 workers.
[PhysX] Initialized MultithreadedTaskDispatcher with 18 workers.
[PhysX] Initialized MultithreadedTaskDispatcher with 18 workers.
[PhysX] Initialized MultithreadedTaskDispatcher with 18 workers.
[PhysX] Initialized MultithreadedTaskDispatcher with 18 workers.
[PhysX] Initialized MultithreadedTaskDispatcher with 18 workers.
[PhysX] Initialized MultithreadedTaskDispatcher with 18 workers.
[PhysX] Initialized MultithreadedTaskDispatcher with 18 workers.
[PhysX] Initialized MultithreadedTaskDispatcher with 18 workers.
[PhysX] Initialized MultithreadedTaskDispatcher with 18 workers.
[PhysX] Initialized MultithreadedTaskDispatcher with 18 workers.
[PhysX] Initialized MultithreadedTaskDispatcher with 18 workers.
[PhysX] Initialized MultithreadedTaskDispatcher with 18 workers.
[PhysX] Initialized MultithreadedTaskDispatcher with 18 workers.
[PhysX] Initialized MultithreadedTaskDispatcher with 18 workers.
[PhysX] Initialized MultithreadedTaskDispatcher with 18 workers.
 -> (artifact id: 'cc8bf77410b742152536d30d6e82e0ae') in 0.500497 seconds
Number of updated asset objects reloaded before import = 0
Number of asset objects unloaded after import = 197
========================================================================
Received Import Request.
  Time since last request: 1.667751 seconds.
  path: Assets/Skyden_Games/Low Poly Environment/Prefabs
  artifactKey: Guid(3353497000eb7ac4db66030058360861) Importer(815301076,1909f56bfc062723c751e8b465ee728b)
Start importing Assets/Skyden_Games/Low Poly Environment/Prefabs using Guid(3353497000eb7ac4db66030058360861) Importer(815301076,1909f56bfc062723c751e8b465ee728b) [PhysX] Initialized MultithreadedTaskDispatcher with 18 workers.
 -> (artifact id: 'b1a3454b96870fdb3313a643f0746929') in 0.000901 seconds
Number of updated asset objects reloaded before import = 0
Number of asset objects unloaded after import = 0
========================================================================
Received Import Request.
  Time since last request: 3.127107 seconds.
  path: Assets/Skyden_Games/Low Poly Environment/Prefabs/Bridge .prefab
  artifactKey: Guid(0c3537d9eb4a4a941abe84656680124c) Importer(815301076,1909f56bfc062723c751e8b465ee728b)
Start importing Assets/Skyden_Games/Low Poly Environment/Prefabs/Bridge .prefab using Guid(0c3537d9eb4a4a941abe84656680124c) Importer(815301076,1909f56bfc062723c751e8b465ee728b) [PhysX] Initialized MultithreadedTaskDispatcher with 18 workers.
[PhysX] Initialized MultithreadedTaskDispatcher with 18 workers.
 -> (artifact id: '0fec358bf1c2008b424ef3980d90382f') in 0.033920 seconds
Number of updated asset objects reloaded before import = 0
Number of asset objects unloaded after import = 10
========================================================================
Received Import Request.
  Time since last request: 0.013387 seconds.
  path: Assets/Skyden_Games/Low Poly Environment/Prefabs/Cliff 1.prefab
  artifactKey: Guid(1876e96a48eea50458d7e14f141123ed) Importer(815301076,1909f56bfc062723c751e8b465ee728b)
Start importing Assets/Skyden_Games/Low Poly Environment/Prefabs/Cliff 1.prefab using Guid(1876e96a48eea50458d7e14f141123ed) Importer(815301076,1909f56bfc062723c751e8b465ee728b) [PhysX] Initialized MultithreadedTaskDispatcher with 18 workers.
[PhysX] Initialized MultithreadedTaskDispatcher with 18 workers.
 -> (artifact id: '9bc48d8c562d34dc3dde241e3adee6a8') in 0.065638 seconds
Number of updated asset objects reloaded before import = 0
Number of asset objects unloaded after import = 10
========================================================================
Received Import Request.
  Time since last request: 0.000027 seconds.
  path: Assets/Skyden_Games/Low Poly Environment/Prefabs/Cliff 7.prefab
  artifactKey: Guid(a424a5dee94798b4e852edf7cb90c092) Importer(815301076,1909f56bfc062723c751e8b465ee728b)
Start importing Assets/Skyden_Games/Low Poly Environment/Prefabs/Cliff 7.prefab using Guid(a424a5dee94798b4e852edf7cb90c092) Importer(815301076,1909f56bfc062723c751e8b465ee728b) [PhysX] Initialized MultithreadedTaskDispatcher with 18 workers.
[PhysX] Initialized MultithreadedTaskDispatcher with 18 workers.
 -> (artifact id: '7c02b989649e553fb950d14f51cda4d1') in 0.022178 seconds
Number of updated asset objects reloaded before import = 0
Number of asset objects unloaded after import = 10
========================================================================
Received Import Request.
  Time since last request: 0.004899 seconds.
  path: Assets/Skyden_Games/Low Poly Environment/Prefabs/Cliff 5.prefab
  artifactKey: Guid(fb32323cc91379744b1eaaff0b6908a2) Importer(815301076,1909f56bfc062723c751e8b465ee728b)
Start importing Assets/Skyden_Games/Low Poly Environment/Prefabs/Cliff 5.prefab using Guid(fb32323cc91379744b1eaaff0b6908a2) Importer(815301076,1909f56bfc062723c751e8b465ee728b) [PhysX] Initialized MultithreadedTaskDispatcher with 18 workers.
[PhysX] Initialized MultithreadedTaskDispatcher with 18 workers.
 -> (artifact id: 'de05481d5f1c25cf023a049816c50faf') in 0.027603 seconds
Number of updated asset objects reloaded before import = 0
Number of asset objects unloaded after import = 10
========================================================================
Received Import Request.
  Time since last request: 0.000030 seconds.
  path: Assets/Skyden_Games/Low Poly Environment/Prefabs/House 3 .prefab
  artifactKey: Guid(aa82e02ef557ddf46b4e1aaf3952339a) Importer(815301076,1909f56bfc062723c751e8b465ee728b)
Start importing Assets/Skyden_Games/Low Poly Environment/Prefabs/House 3 .prefab using Guid(aa82e02ef557ddf46b4e1aaf3952339a) Importer(815301076,1909f56bfc062723c751e8b465ee728b) [PhysX] Initialized MultithreadedTaskDispatcher with 18 workers.
[PhysX] Initialized MultithreadedTaskDispatcher with 18 workers.
 -> (artifact id: '0d37d8dec3670d54a68edee8c40d5b0e') in 0.020317 seconds
Number of updated asset objects reloaded before import = 0
Number of asset objects unloaded after import = 10
========================================================================
Received Import Request.
  Time since last request: 0.000022 seconds.
  path: Assets/Skyden_Games/Low Poly Environment/Prefabs/House 2 .prefab
  artifactKey: Guid(e9f5963fc4a61ee4b93518a6c6748831) Importer(815301076,1909f56bfc062723c751e8b465ee728b)
Start importing Assets/Skyden_Games/Low Poly Environment/Prefabs/House 2 .prefab using Guid(e9f5963fc4a61ee4b93518a6c6748831) Importer(815301076,1909f56bfc062723c751e8b465ee728b) [PhysX] Initialized MultithreadedTaskDispatcher with 18 workers.
[PhysX] Initialized MultithreadedTaskDispatcher with 18 workers.
 -> (artifact id: '05caa4fbf3103a157dd0286164628137') in 0.025564 seconds
Number of updated asset objects reloaded before import = 0
Number of asset objects unloaded after import = 10
========================================================================
Received Import Request.
  Time since last request: 0.000021 seconds.
  path: Assets/Skyden_Games/Low Poly Environment/Prefabs/House 4 .prefab
  artifactKey: Guid(86c532249aeb12a489aaae9562a6bb08) Importer(815301076,1909f56bfc062723c751e8b465ee728b)
Start importing Assets/Skyden_Games/Low Poly Environment/Prefabs/House 4 .prefab using Guid(86c532249aeb12a489aaae9562a6bb08) Importer(815301076,1909f56bfc062723c751e8b465ee728b) [PhysX] Initialized MultithreadedTaskDispatcher with 18 workers.
[PhysX] Initialized MultithreadedTaskDispatcher with 18 workers.
 -> (artifact id: '9bfd814195ab413680fddd905b3d6e3c') in 0.065475 seconds
Number of updated asset objects reloaded before import = 0
Number of asset objects unloaded after import = 10
========================================================================
Received Import Request.
  Time since last request: 0.000046 seconds.
  path: Assets/Skyden_Games/Low Poly Environment/Prefabs/Tree 1 .prefab
  artifactKey: Guid(8b63f536dcb9512418bb18c53c2565c6) Importer(815301076,1909f56bfc062723c751e8b465ee728b)
Start importing Assets/Skyden_Games/Low Poly Environment/Prefabs/Tree 1 .prefab using Guid(8b63f536dcb9512418bb18c53c2565c6) Importer(815301076,1909f56bfc062723c751e8b465ee728b) [PhysX] Initialized MultithreadedTaskDispatcher with 18 workers.
[PhysX] Initialized MultithreadedTaskDispatcher with 18 workers.
 -> (artifact id: 'ff83cbe44e4dbe8d5b8582becb766265') in 0.083410 seconds
Number of updated asset objects reloaded before import = 0
Number of asset objects unloaded after import = 10
========================================================================
Received Import Request.
  Time since last request: 0.000031 seconds.
  path: Assets/Skyden_Games/Low Poly Environment/Prefabs/Tent 1 .prefab
  artifactKey: Guid(5974c30bdf0a2ee468a0feda7607d4a3) Importer(815301076,1909f56bfc062723c751e8b465ee728b)
Start importing Assets/Skyden_Games/Low Poly Environment/Prefabs/Tent 1 .prefab using Guid(5974c30bdf0a2ee468a0feda7607d4a3) Importer(815301076,1909f56bfc062723c751e8b465ee728b) [PhysX] Initialized MultithreadedTaskDispatcher with 18 workers.
[PhysX] Initialized MultithreadedTaskDispatcher with 18 workers.
 -> (artifact id: '05cad7ac7092df9c0046eb555d9244d1') in 0.461918 seconds
Number of updated asset objects reloaded before import = 0
Number of asset objects unloaded after import = 10
========================================================================
Received Import Request.
  Time since last request: 0.000029 seconds.
  path: Assets/Skyden_Games/Low Poly Environment/Prefabs/Road 2 .prefab
  artifactKey: Guid(c461097f0ee49f84aaa97f183d912cc3) Importer(815301076,1909f56bfc062723c751e8b465ee728b)
Start importing Assets/Skyden_Games/Low Poly Environment/Prefabs/Road 2 .prefab using Guid(c461097f0ee49f84aaa97f183d912cc3) Importer(815301076,1909f56bfc062723c751e8b465ee728b) [PhysX] Initialized MultithreadedTaskDispatcher with 18 workers.
[PhysX] Initialized MultithreadedTaskDispatcher with 18 workers.
 -> (artifact id: 'c2334d6380c7a72eba753bfde446035f') in 0.158569 seconds
Number of updated asset objects reloaded before import = 0
Number of asset objects unloaded after import = 10
========================================================================
Received Import Request.
  Time since last request: 0.000019 seconds.
  path: Assets/Skyden_Games/Low Poly Environment/Prefabs/Rock 2 .prefab
  artifactKey: Guid(334dbd2d6ef2feb48bb985a433078768) Importer(815301076,1909f56bfc062723c751e8b465ee728b)
Start importing Assets/Skyden_Games/Low Poly Environment/Prefabs/Rock 2 .prefab using Guid(334dbd2d6ef2feb48bb985a433078768) Importer(815301076,1909f56bfc062723c751e8b465ee728b) [PhysX] Initialized MultithreadedTaskDispatcher with 18 workers.
[PhysX] Initialized MultithreadedTaskDispatcher with 18 workers.
 -> (artifact id: 'b18e37a7cdbf92d0bbad7a01b6e02a56') in 0.032604 seconds
Number of updated asset objects reloaded before import = 0
Number of asset objects unloaded after import = 10
========================================================================
Received Import Request.
  Time since last request: 0.000029 seconds.
  path: Assets/Skyden_Games/Low Poly Environment/Prefabs/Mill .prefab
  artifactKey: Guid(fc5c037b45f7cb24894a869b0cbb858e) Importer(815301076,1909f56bfc062723c751e8b465ee728b)
Start importing Assets/Skyden_Games/Low Poly Environment/Prefabs/Mill .prefab using Guid(fc5c037b45f7cb24894a869b0cbb858e) Importer(815301076,1909f56bfc062723c751e8b465ee728b) [PhysX] Initialized MultithreadedTaskDispatcher with 18 workers.
[PhysX] Initialized MultithreadedTaskDispatcher with 18 workers.
 -> (artifact id: '931b2608a09aa0405578dcf5393c9d4b') in 0.032696 seconds
Number of updated asset objects reloaded before import = 0
Number of asset objects unloaded after import = 10
========================================================================
Received Import Request.
  Time since last request: 0.000027 seconds.
  path: Assets/Skyden_Games/Low Poly Environment/Prefabs/Water Well.prefab
  artifactKey: Guid(eb93887867009ba4b8ae05818fcc0c58) Importer(815301076,1909f56bfc062723c751e8b465ee728b)
Start importing Assets/Skyden_Games/Low Poly Environment/Prefabs/Water Well.prefab using Guid(eb93887867009ba4b8ae05818fcc0c58) Importer(815301076,1909f56bfc062723c751e8b465ee728b) [PhysX] Initialized MultithreadedTaskDispatcher with 18 workers.
[PhysX] Initialized MultithreadedTaskDispatcher with 18 workers.
 -> (artifact id: 'de1d5a2ba18addb07ad82272258bc150') in 0.026090 seconds
Number of updated asset objects reloaded before import = 0
Number of asset objects unloaded after import = 10
========================================================================
Received Import Request.
  Time since last request: 0.000041 seconds.
  path: Assets/Skyden_Games/Low Poly Environment/Prefabs/Stairs .prefab
  artifactKey: Guid(249ebbaae21002c499f1c8a7925c1905) Importer(815301076,1909f56bfc062723c751e8b465ee728b)
Start importing Assets/Skyden_Games/Low Poly Environment/Prefabs/Stairs .prefab using Guid(249ebbaae21002c499f1c8a7925c1905) Importer(815301076,1909f56bfc062723c751e8b465ee728b) [PhysX] Initialized MultithreadedTaskDispatcher with 18 workers.
[PhysX] Initialized MultithreadedTaskDispatcher with 18 workers.
 -> (artifact id: '3b37942589d4c1f93d7ebd9f19ed845c') in 0.037820 seconds
Number of updated asset objects reloaded before import = 0
Number of asset objects unloaded after import = 10
========================================================================
Received Import Request.
  Time since last request: 0.000022 seconds.
  path: Assets/Skyden_Games/Low Poly Environment/Prefabs/Car 3 .prefab
  artifactKey: Guid(7de8886ae0ce24341aa407c8e3ec460a) Importer(815301076,1909f56bfc062723c751e8b465ee728b)
Start importing Assets/Skyden_Games/Low Poly Environment/Prefabs/Car 3 .prefab using Guid(7de8886ae0ce24341aa407c8e3ec460a) Importer(815301076,1909f56bfc062723c751e8b465ee728b) [PhysX] Initialized MultithreadedTaskDispatcher with 18 workers.
[PhysX] Initialized MultithreadedTaskDispatcher with 18 workers.
 -> (artifact id: 'e8d6c1b883c137d7eeea65a92dd17ebd') in 0.027961 seconds
Number of updated asset objects reloaded before import = 0
Number of asset objects unloaded after import = 10
========================================================================
Received Import Request.
  Time since last request: 0.000031 seconds.
  path: Assets/Skyden_Games/Low Poly Environment/Prefabs/Cliff 3.prefab
  artifactKey: Guid(57e9bcdf261a3384eac9e4b8b62615be) Importer(815301076,1909f56bfc062723c751e8b465ee728b)
Start importing Assets/Skyden_Games/Low Poly Environment/Prefabs/Cliff 3.prefab using Guid(57e9bcdf261a3384eac9e4b8b62615be) Importer(815301076,1909f56bfc062723c751e8b465ee728b) [PhysX] Initialized MultithreadedTaskDispatcher with 18 workers.
[PhysX] Initialized MultithreadedTaskDispatcher with 18 workers.
 -> (artifact id: 'abe127833cf2d1f7409ab7cf99adb5be') in 0.036775 seconds
Number of updated asset objects reloaded before import = 0
Number of asset objects unloaded after import = 10
========================================================================
Received Import Request.
  Time since last request: 0.000030 seconds.
  path: Assets/Skyden_Games/Low Poly Environment/Prefabs/Road 1 .prefab
  artifactKey: Guid(a5e40d8eb9e7ea840824a0bfd6a748c3) Importer(815301076,1909f56bfc062723c751e8b465ee728b)
Start importing Assets/Skyden_Games/Low Poly Environment/Prefabs/Road 1 .prefab using Guid(a5e40d8eb9e7ea840824a0bfd6a748c3) Importer(815301076,1909f56bfc062723c751e8b465ee728b) [PhysX] Initialized MultithreadedTaskDispatcher with 18 workers.
[PhysX] Initialized MultithreadedTaskDispatcher with 18 workers.
 -> (artifact id: '0d2b6c4d6bb46897e42731c63d7f2295') in 0.030138 seconds
Number of updated asset objects reloaded before import = 0
Number of asset objects unloaded after import = 10
========================================================================
Received Import Request.
  Time since last request: 0.000020 seconds.
  path: Assets/Skyden_Games/Low Poly Environment/Prefabs/Mountain 1.prefab
  artifactKey: Guid(8f2efc50a4cf362408c6165b04f3d15c) Importer(815301076,1909f56bfc062723c751e8b465ee728b)
Start importing Assets/Skyden_Games/Low Poly Environment/Prefabs/Mountain 1.prefab using Guid(8f2efc50a4cf362408c6165b04f3d15c) Importer(815301076,1909f56bfc062723c751e8b465ee728b) [PhysX] Initialized MultithreadedTaskDispatcher with 18 workers.
[PhysX] Initialized MultithreadedTaskDispatcher with 18 workers.
 -> (artifact id: '3f53c13e42cbeaa14a2d909072234ee6') in 0.022228 seconds
Number of updated asset objects reloaded before import = 0
Number of asset objects unloaded after import = 10
========================================================================
Received Import Request.
  Time since last request: 0.000026 seconds.
  path: Assets/Skyden_Games/Low Poly Environment/Prefabs/Traffic Light .prefab
  artifactKey: Guid(51037e8ebcbe7934e9fd19d0bb3f9763) Importer(815301076,1909f56bfc062723c751e8b465ee728b)
Start importing Assets/Skyden_Games/Low Poly Environment/Prefabs/Traffic Light .prefab using Guid(51037e8ebcbe7934e9fd19d0bb3f9763) Importer(815301076,1909f56bfc062723c751e8b465ee728b) [PhysX] Initialized MultithreadedTaskDispatcher with 18 workers.
[PhysX] Initialized MultithreadedTaskDispatcher with 18 workers.
 -> (artifact id: 'c5a10ed5186a857ceaf0e333dc13128d') in 0.025568 seconds
Number of updated asset objects reloaded before import = 0
Number of asset objects unloaded after import = 10
Editor requested this worker to shutdown with reason: Scaling down because of idle timeout
TcpMessagingSession - receive error: operation aborted. errorcode: 995, details: 스레드 종료 또는 응용 프로그램 요청 때문에 I/O 작업이 취소되었습니다.
AssetImportWorker is now disconnected from the server
Process exiting
Exiting without the bug reporter. Application will terminate with return code 0